E:\SwebTest\src\main\java\com\yeastar\swebtest\pobject\Settings\System\Security\Certificate\Upload_Certificate\Upload_Certificate.java
E:\SwebTest\src\main\java\com\yeastar\swebtest\pobject\Settings\PBX\CallFeatures\IVR\IVR.java
E:\SwebTest\src\main\java\com\yeastar\swebtest\pobject\Settings\PBX\Extensions\ExtensionGroup\ExtensionGroup.java
E:\SwebTest\src\main\java\com\yeastar\swebtest\pobject\Settings\PBX\CallControl\InboundRoutes\InboundRoutes.java
E:\SwebTest\src\main\java\com\yeastar\swebtest\pobject\Settings\PBX\CallFeatures\SpeedDial\Import_Speed_Dial_Number\Import_Speed_Dial_Number.java
E:\SwebTest\src\main\java\com\yeastar\swebtest\driver\Config.java
E:\SwebTest\src\main\java\com\yeastar\swebtest\pobject\Settings\PBX\CallFeatures\DISA\DISA.java
E:\SwebTest\src\main\java\com\yeastar\swebtest\pobject\Settings\PBX\Extensions\Extensions\Add_Bulk_Extensions\Add_Bulk_Extensions_Advanced\Add_Bulk_Extensions_Advanced.java
E:\SwebTest\src\main\java\com\yeastar\swebtest\pobject\Settings\PBX\Trunks\Add_VoIP_Trunk\Add_VoIP_Trunk_Codec\Add_VoIP_Trunk_Codec.java
E:\SwebTest\src\main\java\com\yeastar\swebtest\driver\YSMethod\YS_EmergencyNumber.java
E:\SwebTest\src\main\java\com\yeastar\swebtest\pobject\Settings\System\Network\CellularNetwork\CellularNetwork.java
E:\SwebTest\src\main\java\com\yeastar\swebtest\pobject\Settings\System\Security\IPAutoDefense\AutoDefenseRules\AutoDefenseRules.java
E:\SwebTest\src\main\java\com\yeastar\swebtest\pobject\Settings\System\Security\Certificate\Certificate.java
E:\SwebTest\src\main\java\com\yeastar\swebtest\pobject\Me\Me_RoutePermission\Me_RoutePermission.java
E:\SwebTest\src\main\java\com\yeastar\swebtest\pobject\Settings\PBX\EmergencyNumber\Add_Emergency_Number\Add_Emergency_Number.java
E:\SwebTest\src\main\java\com\yeastar\swebtest\pobject\Settings\PBX\MultisiteInterconnect\Headquerter\Headquerter_Advanced\Headquerter_Advanced.java
E:\SwebTest\src\main\java\com\yeastar\swebtest\tools\ScreenShot.java
E:\SwebTest\src\main\java\com\yeastar\swebtest\pobject\Settings\PBX\Trunks\Add_VoIP_Trunk\Add_VoIP_Trunk_DOD\Import_DOD\Import_DOD.java
E:\SwebTest\src\main\java\com\yeastar\swebtest\driver\YSMethod\Ys_UserPermission.java
E:\SwebTest\src\main\java\com\yeastar\swebtest\tools\DateFormate.java
E:\SwebTest\src\main\java\com\yeastar\swebtest\pobject\Settings\PBX\CallFeatures\Paging_Intercom\Paging_Intercom.java
E:\SwebTest\src\main\java\com\yeastar\swebtest\pobject\Settings\PBX\VoicePrompts\SystemPrompt\SystemPrompt.java
E:\SwebTest\src\main\java\com\yeastar\swebtest\tools\reporter\ReflectionUtil.java
E:\SwebTest\src\main\java\com\yeastar\swebtest\pobject\CDRandRecordings\Edit_List_Options\Edit_List_Options.java
E:\SwebTest\src\main\java\com\yeastar\swebtest\pobject\Maintenance\Troubleshooting\Traceroute\Traceroute.java
E:\SwebTest\src\main\java\com\yeastar\swebtest\pobject\Me\Me_Voicemail\Me_Voicemail.java
E:\SwebTest\src\main\java\com\yeastar\swebtest\tools\file\MyFile.java
E:\SwebTest\src\main\java\com\yeastar\swebtest\pobject\Maintenance\Reset\Reset.java
E:\SwebTest\src\main\java\com\yeastar\swebtest\pobject\Maintenance\OperationLog\OperationLog.java
E:\SwebTest\src\main\java\com\yeastar\swebtest\pobject\Settings\PBX\General\SIP\TLS\TLS.java
E:\SwebTest\src\main\java\com\yeastar\swebtest\pobject\Settings\PBX\General\IAX\IAX.java
E:\SwebTest\src\main\java\com\yeastar\swebtest\pobject\Settings\PBX\CallControl\OutboundRoutes\OutboundRoutes.java
E:\SwebTest\src\main\java\com\yeastar\swebtest\pobject\Settings\PBX\General\SIP\T_38\T_38.java
E:\SwebTest\src\main\java\com\yeastar\swebtest\pobject\Settings\PBX\Extensions\Extensions\Add_Extension\Add_Extension_Basic\Add_Extension_Basic.java
E:\SwebTest\src\main\java\com\yeastar\swebtest\pobject\Settings\PBX\General\SIP\General\General.java
E:\SwebTest\src\main\java\com\yeastar\swebtest\pobject\Settings\PBX\Extensions\Extensions\Add_Extension\Add_Extension_Features\Add_Extension_Features.java
E:\SwebTest\src\main\java\com\yeastar\swebtest\pobject\Settings\PBX\VoicePrompts\MusicOnHold\MusicOnHold.java
E:\SwebTest\src\main\java\com\yeastar\swebtest\pobject\Me\Me.java
E:\SwebTest\src\main\java\com\yeastar\swebtest\pobject\Settings\PBX\General\SIP\SessionTimer\SessionTimer.java
E:\SwebTest\src\main\java\com\yeastar\swebtest\pobject\Settings\PBX\General\SIP\Codec\Codec.java
E:\SwebTest\src\main\java\com\yeastar\swebtest\pobject\Me\Me_Blacklist_Whitelist\Me_Whitelist\Me_Import_Whitelist\Me_Import_Whitelist.java
E:\SwebTest\src\main\java\com\yeastar\swebtest\tools\TcpSocket\TcpSocket.java
E:\SwebTest\src\main\java\com\yeastar\swebtest\pobject\Me\Me_Blacklist_Whitelist\Me_Blacklist\Me_Import_Blacklist\Me_Import_Blacklist.java
E:\SwebTest\src\main\java\com\yeastar\swebtest\pobject\Settings\System\Security\IPAutoDefense\BlockedIPAddress\BlockedIPAddress.java
E:\SwebTest\src\main\java\com\yeastar\swebtest\pobject\Settings\PBX\Extensions\Extensions\Add_Extension\Add_Extension_Advanced\Add_Extension_Advanced.java
E:\SwebTest\src\main\java\com\yeastar\swebtest\pobject\Settings\PBX\Extensions\Extensions\Add_Extension\Add_Extension_CallPermission\Add_Extension_CallPermission.java
E:\SwebTest\src\main\java\com\yeastar\swebtest\pobject\Settings\PBX\General\API\API.java
E:\SwebTest\src\main\java\com\yeastar\swebtest\pobject\Settings\System\Security\FirewallRules\Add_Firewall_Rule\Add_Firewall_Rule.java
E:\SwebTest\src\main\java\com\yeastar\swebtest\pobject\Settings\PBX\MultisiteInterconnect\Headquerter\Headquarter_Basic\Add_HeadquerterBranch_Office\Add_HeadquerterBranch_Office.java
E:\SwebTest\src\main\java\com\yeastar\swebtest\tools\file\ExcelUnit.java
E:\SwebTest\src\main\java\com\yeastar\swebtest\pobject\Settings\PBX\CallFeatures\PINList\Add_PIN_List\Add_PIN_List.java
E:\SwebTest\src\main\java\com\yeastar\swebtest\tools\ysassert\YsAssert.java
E:\SwebTest\src\main\java\com\yeastar\swebtest\pobject\Maintenance\Troubleshooting\IPPing\IPPing.java
E:\SwebTest\src\main\java\com\yeastar\swebtest\pobject\Settings\PBX\CallControl\AutoCLIPRoutes\AutoCLIPRoutes.java
E:\SwebTest\src\main\java\com\yeastar\swebtest\pobject\Settings\PBX\CallFeatures\PINList\PINList.java
E:\SwebTest\src\main\java\com\yeastar\swebtest\pobject\Settings\System\Security\FirewallRules\FirewallRules.java
E:\SwebTest\src\main\java\com\yeastar\swebtest\pobject\Settings\PBX\Extensions\Extensions\Extensions.java
E:\SwebTest\src\main\java\com\yeastar\swebtest\tools\retry\TestngRetry.java
E:\SwebTest\src\main\java\com\yeastar\swebtest\tools\reporter\Reporter.java
E:\SwebTest\src\main\java\com\yeastar\swebtest\pobject\Settings\PBX\MultisiteInterconnect\Headquerter\Headquarter_Basic\Headquerter_Basic.java
E:\SwebTest\src\main\java\com\yeastar\swebtest\pobject\Settings\EventCenter\EventSettings\NotificationContacts\Add_Contact\Add_Contact.java
E:\SwebTest\src\main\java\com\yeastar\swebtest\pobject\Me\Me_Blacklist_Whitelist\Me_Whitelist\Me_Whitelist.java
E:\SwebTest\src\main\java\com\yeastar\swebtest\pobject\Settings\PBX\CallFeatures\CallFeatures.java
E:\SwebTest\src\main\java\com\yeastar\swebtest\pobject\Settings\PBX\Extensions\Extensions\Edit_Selected_Extensions\Edit_Selected_Extensions_CallPermission\Edit_Selected_Extensions_CallPermission.java
E:\SwebTest\src\main\java\com\yeastar\swebtest\pobject\Maintenance\BackupandRestore\Backup_Schedule\Backup_Schedule.java
E:\SwebTest\src\main\java\com\yeastar\swebtest\pobject\Settings\PBX\CallFeatures\Paging_Intercom\Add_Paging_Intercom\Add_Paging_Intercom.java
E:\SwebTest\src\main\java\com\yeastar\swebtest\pobject\Settings\PBX\General\FeatureCode\FeatureCode.java
E:\SwebTest\src\main\java\com\yeastar\swebtest\pobject\Settings\PBX\CallFeatures\Blacklist_Whitelist\Blacklist\Add_Blacklist\Add_Blacklist.java
E:\SwebTest\src\main\java\com\yeastar\swebtest\pobject\Settings\System\Network\BasicSettings\BasicSettings.java
E:\SwebTest\src\main\java\com\yeastar\swebtest\pobject\Settings\PBX\MultisiteInterconnect\BranchOffice\BranchOffice_Basic\Add_Branch_Office\Add_Branch_Office.java
E:\SwebTest\src\main\java\com\yeastar\swebtest\pobject\Settings\System\Network\StaticRoutes\StaticRoute\StaticRoute.java
E:\SwebTest\src\main\java\com\yeastar\swebtest\pobject\Maintenance\Maintenance.java
E:\SwebTest\src\main\java\com\yeastar\swebtest\pobject\Settings\PBX\MultisiteInterconnect\BranchOffice\BranchOffice_AdaptCallerID\BranchOffice_AdaptCallerID.java
E:\SwebTest\src\main\java\com\yeastar\swebtest\pobject\Settings\System\Security\DatabaseGrant\Add_Database_Grant\Add_Database_Grant.java
E:\SwebTest\src\main\java\com\yeastar\swebtest\pobject\Settings\PBX\CallControl\OutboundRoutes\Import_OutboundRoutes\Import_OutboundRoutes.java
E:\SwebTest\src\main\java\com\yeastar\swebtest\pobject\Settings\PBX\Extensions\Extensions\Import_Extension\Import_Extension.java
E:\SwebTest\src\main\java\com\yeastar\swebtest\pobject\Maintenance\BackupandRestore\Create_New_Backup_File\Create_New_Backup_File.java
E:\SwebTest\src\main\java\com\yeastar\swebtest\pobject\PageLogin.java
E:\SwebTest\src\main\java\com\yeastar\swebtest\pobject\Settings\PBX\CallFeatures\Queue\Queue.java
E:\SwebTest\src\main\java\com\yeastar\swebtest\pobject\Settings\PBX\CallControl\SLA\Add_SLA_Station\Add_SLA_Station.java
E:\SwebTest\src\main\java\com\yeastar\swebtest\pobject\Settings\PBX\CallFeatures\Blacklist_Whitelist\Whitelist\Whitelist.java
E:\SwebTest\src\main\java\com\yeastar\swebtest\driver\YSMethod\YS_CallControl.java
E:\SwebTest\src\main\java\com\yeastar\swebtest\pobject\Settings\PBX\VoicePrompts\CustomPrompts\Upload_a_Prompt\Upload_a_Prompt.java
E:\SwebTest\src\main\java\com\yeastar\swebtest\pobject\Settings\PBX\Trunks\Add_VoIP_Trunk\Add_VoIP_Trunk_AdaptCallerID\Add_VoIP_Trunk_AdaptCallerID.java
E:\SwebTest\src\main\java\com\yeastar\swebtest\driver\YSMethod\YS_VoicePrompts.java
E:\SwebTest\src\main\java\com\yeastar\swebtest\pobject\Settings\PBX\CallFeatures\Blacklist_Whitelist\Blacklist_Whitelist.java
E:\SwebTest\src\main\java\com\yeastar\swebtest\driver\YSMethod\YS_Extension.java
E:\SwebTest\src\main\java\com\yeastar\swebtest\tools\ssh\SSHApp.java
E:\SwebTest\src\main\java\com\yeastar\swebtest\pobject\Settings\PBX\Extensions\Extensions\Add_Bulk_Extensions\Add_Bulk_Extensions_Basic\Add_Bulk_Extensions_Basic.java
E:\SwebTest\src\main\java\com\yeastar\swebtest\pobject\Settings\System\Network\OpenVPN\OpenVPN.java
E:\SwebTest\src\main\java\com\yeastar\swebtest\pobject\Me\Me_Blacklist_Whitelist\Me_Whitelist\Me_Add_Whitelist\Me_Add_Whitelist.java
E:\SwebTest\src\main\java\com\yeastar\swebtest\pobject\Maintenance\BackupandRestore\BackupandRestore.java
E:\SwebTest\src\main\java\com\yeastar\swebtest\driver\YSMethod\YS_General.java
E:\SwebTest\src\main\java\com\yeastar\swebtest\pobject\Settings\PBX\Trunks\Add_VoIP_Trunk\Add_VoIP_Trunk_DOD\Add_VoIP_Trunk_DOD.java
E:\SwebTest\src\main\java\com\yeastar\swebtest\pobject\Settings\PBX\General\SIP\JitterBuffer\JitterBuffer.java
E:\SwebTest\src\main\java\com\yeastar\swebtest\pobject\Settings\PBX\CallControl\InboundRoutes\Import_InboundRoutes\Import_InboundRoutes.java
E:\SwebTest\src\main\java\com\yeastar\swebtest\pobject\Settings\PBX\CallFeatures\DISA\Add_DISA\Add_DISA.java
E:\SwebTest\src\main\java\com\yeastar\swebtest\pobject\Settings\PBX\Trunks\Add_VoIP_Trunk\Edit_Bri_Trunk\Edit_Bri_Trunk.java
E:\SwebTest\src\main\java\com\yeastar\swebtest\pobject\Settings\PBX\Extensions\Extensions\Edit_Selected_Extensions\Edit_Selected_Extensions_Advanced\Edit_Selected_Extensions_Advanced.java
E:\SwebTest\src\main\java\com\yeastar\swebtest\pobject\Settings\PBX\CallFeatures\Conference\Add_Conference\Add_Conference.java
E:\SwebTest\src\main\java\com\yeastar\swebtest\pobject\Settings\System\UserPermission\UserPermission.java
E:\SwebTest\src\main\java\com\yeastar\swebtest\tools\pjsip\PjsipTest.java
E:\SwebTest\src\main\java\com\yeastar\swebtest\driver\YSMethod\YS_Me.java
E:\SwebTest\src\main\java\com\yeastar\swebtest\pobject\Settings\PBX\CallControl\OutboundRoutes\Add_Outbound_Routes\Add_Outbound_Routes.java
E:\SwebTest\src\main\java\com\yeastar\swebtest\driver\YSMethod\YS_Trunk.java
E:\SwebTest\src\main\java\com\yeastar\swebtest\pobject\Settings\PBX\CallFeatures\SMS\SMS.java
E:\SwebTest\src\main\java\com\yeastar\swebtest\driver\DataReader.java
E:\SwebTest\src\main\java\com\yeastar\swebtest\pobject\Me\Me_PasswordSettings\Me_PasswordSettings.java
E:\SwebTest\src\main\java\com\yeastar\swebtest\pobject\Maintenance\Troubleshooting\PortMonitorTool\PortMonitorTool.java
E:\SwebTest\src\main\java\com\yeastar\swebtest\pobject\Settings\PBX\CallFeatures\RingGroup\Add_Ring_Group\Add_Ring_Group.java
E:\SwebTest\src\main\java\com\yeastar\swebtest\pobject\Settings\PBX\CallFeatures\PickupGroup\PickupGroup.java
E:\SwebTest\src\main\java\com\yeastar\swebtest\pobject\Settings\PBX\General\Voicemail\Voicemail.java
E:\SwebTest\src\main\java\com\yeastar\swebtest\pobject\Settings\PBX\CallControl\OutboundRestriction\Add_Outbound_Restriction\Add_Outbound_Restriction.java
E:\SwebTest\src\main\java\com\yeastar\swebtest\pobject\Settings\PBX\General\SIP\Advanced\Advanced.java
E:\SwebTest\src\main\java\com\yeastar\swebtest\pobject\Settings\System\Security\DatabaseGrant\DatabaseGrant.java
E:\SwebTest\src\main\java\com\yeastar\swebtest\pobject\Settings\System\Storage\AutoCleanup\AutoCleanup.java
E:\SwebTest\src\main\java\com\yeastar\swebtest\pobject\Maintenance\SystemLog\SystemLog.java
E:\SwebTest\src\main\java\com\yeastar\swebtest\pobject\Settings\PBX\General\SIP\NAT\NAT.java
E:\SwebTest\src\main\java\com\yeastar\swebtest\pobject\Settings\EventCenter\EventSettings\NotificationContacts\NotificationContacts.java
E:\SwebTest\src\main\java\com\yeastar\swebtest\pobject\Settings\PBX\CallControl\Time_Conditions\TimeConditions\TimeConditions.java
E:\SwebTest\src\main\java\com\yeastar\swebtest\pobject\Settings\PBX\Trunks\Import_Trunks\Import_trunks.java
E:\SwebTest\src\main\java\com\yeastar\swebtest\pobject\Settings\PBX\CallFeatures\SpeedDial\Add_Speed_Dial\Add_Speed_Dial.java
E:\SwebTest\src\main\java\com\yeastar\swebtest\pobject\Settings\PBX\CallFeatures\Blacklist_Whitelist\Whitelist\Import_Whitelist\Import_Whitelist.java
E:\SwebTest\src\main\java\com\yeastar\swebtest\pobject\Settings\PBX\Extensions\Extensions\Add_Bulk_Extensions\Add_Bulk_Extensions_CallPermission\Add_Bulk_Extensions_CallPermission.java
E:\SwebTest\src\main\java\com\yeastar\swebtest\pobject\Settings\PBX\VoicePrompts\CustomPrompts\Record_New_Prompt\Record_New_Prompt.java
E:\SwebTest\src\main\java\com\yeastar\swebtest\pobject\Settings\PBX\Trunks\Add_VoIP_Trunk\Add_VoIP_Trunk_DOD\Add_VoIP_Trunk\Add_VoIP_Trunk.java
E:\SwebTest\src\main\java\com\yeastar\swebtest\pobject\Settings\PBX\CallFeatures\IVR\Add_IVR_Basic\Add_IVR_Basic.java
E:\SwebTest\src\main\java\com\yeastar\swebtest\tools\RandomNum.java
E:\SwebTest\src\main\java\com\yeastar\swebtest\pobject\Settings\PBX\EmergencyNumber\EmergencyNumber.java
E:\SwebTest\src\main\java\com\yeastar\swebtest\driver\YSMethod\YS_CallFeature.java
E:\SwebTest\src\main\java\com\yeastar\swebtest\pobject\Settings\PBX\General\SIP\SIP.java
E:\SwebTest\src\main\java\com\yeastar\swebtest\pobject\Settings\System\Email\Email.java
E:\SwebTest\src\main\java\com\yeastar\swebtest\tools\reporter\Logger.java
E:\SwebTest\src\main\java\com\yeastar\swebtest\pobject\Settings\Settings.java
E:\SwebTest\src\main\java\com\yeastar\swebtest\pobject\Settings\PBX\MultisiteInterconnect\BranchOffice\BranchOffice_Basic\BranchOffice_Basic.java
E:\SwebTest\src\main\java\com\yeastar\swebtest\pobject\Settings\PBX\CallFeatures\Blacklist_Whitelist\Blacklist\Blacklist.java
E:\SwebTest\src\main\java\com\yeastar\swebtest\pobject\Maintenance\Upgrade\Upgrade.java
E:\SwebTest\src\main\java\com\yeastar\swebtest\pobject\Settings\PBX\CallControl\OutboundRestriction\OutboundRestriction.java
E:\SwebTest\src\main\java\com\yeastar\swebtest\pobject\Me\Me_ExtensionSettings\Me_ExtensionSettings.java
E:\SwebTest\src\main\java\com\yeastar\swebtest\pobject\PbxMonitor.java
E:\SwebTest\src\main\java\com\yeastar\swebtest\pobject\Settings\PBX\Extensions\Extensions\Edit_Selected_Extensions\Edit_Selected_Extensions_Features\Edit_Selected_Extensions_Features.java
E:\SwebTest\src\main\java\com\yeastar\swebtest\pobject\Settings\PBX\MultisiteInterconnect\BranchOffice\BranchOffice_Advanced\BranchOffice_Advanced.java
E:\SwebTest\src\main\java\com\yeastar\swebtest\driver\YSMethod\YS_EventCenter.java
E:\SwebTest\src\main\java\com\yeastar\swebtest\pobject\PageDeskTop.java
E:\SwebTest\src\main\java\com\yeastar\swebtest\pobject\Settings\System\UserPermission\Grant_Privilege_Application\Grant_Privilege_Application.java
E:\SwebTest\src\main\java\com\yeastar\swebtest\pobject\Settings\System\UserPermission\Grant_Privilege_Settings\Grant_Privilege_Settings.java
E:\SwebTest\src\main\java\com\yeastar\swebtest\pobject\Settings\PBX\CallControl\Time_Conditions\Holiday\Holiday.java
E:\SwebTest\src\main\java\com\yeastar\swebtest\pobject\Settings\PBX\VoicePrompts\PromptPreference\PromptPreference.java
E:\SwebTest\src\main\java\com\yeastar\swebtest\pobject\Settings\System\UserPermission\Grant_Privilege_Others\Grant_Privilege_Others.java
E:\SwebTest\src\main\java\com\yeastar\swebtest\pobject\Settings\System\Storage\Preference\Preference.java
E:\SwebTest\src\main\java\com\yeastar\swebtest\pobject\Settings\System\Network\DDNSSettings\DDNSSettings.java
E:\SwebTest\src\main\java\com\yeastar\swebtest\pobject\Me\Me_Blacklist_Whitelist\Me_Blacklist\Me_Blacklist.java
E:\SwebTest\src\main\java\com\yeastar\swebtest\pobject\Settings\PBX\VoicePrompts\MusicOnHold\Add_MOH_Playlist\Add_MOH_Playlist.java
E:\SwebTest\src\main\java\com\yeastar\swebtest\pobject\Settings\System\HotStandby\HotStandby.java
E:\SwebTest\src\main\java\com\yeastar\swebtest\pobject\Settings\PBX\CallControl\SLA\SLA.java
E:\SwebTest\src\main\java\com\yeastar\swebtest\pobject\Settings\PBX\CallFeatures\Callback\Callback.java
E:\SwebTest\src\main\java\com\yeastar\swebtest\pobject\Settings\PBX\CallFeatures\Blacklist_Whitelist\Whitelist\Add_Whitelist\Add_Whitelist.java
E:\SwebTest\src\main\java\com\yeastar\swebtest\pobject\Settings\PBX\CallFeatures\RingGroup\RingGroup.java
E:\SwebTest\src\main\java\com\yeastar\swebtest\tools\retry\TestResultListener.java
E:\SwebTest\src\main\java\com\yeastar\swebtest\pobject\Settings\System\Security\IPAutoDefense\IPAutoDefense.java
E:\SwebTest\src\main\java\com\yeastar\swebtest\pobject\Settings\PBX\Extensions\Extensions\Edit_Selected_Extensions\Edit_Selected_Extensions_Basic\Edit_Selected_Extensions_Basic.java
E:\SwebTest\src\main\java\com\yeastar\swebtest\tools\retry\RetryListener.java
E:\SwebTest\src\main\java\com\yeastar\swebtest\pobject\Me\Me_Blacklist_Whitelist\Me_Blacklist\Me_Add_Blacklist\Me_Add_Blacklist.java
E:\SwebTest\src\main\java\com\yeastar\swebtest\pobject\Settings\PBX\CallFeatures\PickupGroup\Add_Pickup_Group\Add_Pickup_Group.java
E:\SwebTest\src\main\java\com\yeastar\swebtest\pobject\Settings\System\Network\StaticRoutes\RoutingTable\RoutingTable.java
E:\SwebTest\src\main\java\com\yeastar\swebtest\pobject\Settings\PBX\Extensions\Extensions\Add_Bulk_Extensions\Add_Bulk_Extensions_Features\Add_Bulk_Extensions_Features.java
E:\SwebTest\src\main\java\com\yeastar\swebtest\pobject\Settings\System\Security\Service\Service.java
E:\SwebTest\src\main\java\com\yeastar\swebtest\pobject\Settings\System\UserPermission\Grant_Privilege_CDRandRecordings\Grant_Privilege_CDRandRecordings.java
E:\SwebTest\src\main\java\com\yeastar\swebtest\pobject\Settings\PBX\CallControl\Time_Conditions\Time_Conditions.java
E:\SwebTest\src\main\java\com\yeastar\swebtest\pobject\Settings\PBX\MultisiteInterconnect\Headquerter\Headquerter_AdaptCallerID\Headquerter_AdaptCallerID.java
E:\SwebTest\src\main\java\com\yeastar\swebtest\driver\YSMethod\YS_Storage.java
E:\SwebTest\src\main\java\com\yeastar\swebtest\pobject\Maintenance\Reboot\Reboot.java
E:\SwebTest\src\main\java\com\yeastar\swebtest\pobject\Settings\PBX\CallFeatures\Blacklist_Whitelist\Blacklist\Import_Blacklist\Import_Blacklist.java
E:\SwebTest\src\main\java\com\yeastar\swebtest\pobject\Settings\PBX\CallFeatures\IVR\Add_IVR_KeyPressEvent\Add_IVR_KeyPressEvent.java
E:\SwebTest\src\main\java\com\yeastar\swebtest\pobject\CDRandRecordings\CDRandRecordings.java
E:\SwebTest\src\main\java\com\yeastar\swebtest\pobject\Settings\PBX\General\Preferences\Preferences.java
E:\SwebTest\src\main\java\com\yeastar\swebtest\pobject\Settings\PBX\CallControl\Time_Conditions\Holiday\Add_Holiday\Add_Holiday.java
E:\SwebTest\src\main\java\com\yeastar\swebtest\pobject\Settings\PBX\General\SIP\QoS\QoS.java
E:\SwebTest\src\main\java\com\yeastar\swebtest\pobject\Maintenance\BackupandRestore\Upload_a_Backup_File\Upload_a_Backup_File.java
E:\SwebTest\src\main\java\com\yeastar\swebtest\pobject\Settings\EventCenter\EventSettings\EventSetting\EventSetting.java
E:\SwebTest\src\main\java\com\yeastar\swebtest\tools\pjsip\PjsipApp.java
E:\SwebTest\src\main\java\com\yeastar\swebtest\pobject\Settings\PBX\VoicePrompts\CustomPrompts\CustomPrompts.java
E:\SwebTest\src\main\java\com\yeastar\swebtest\pobject\Me\Me_CDRandRecording\Me_CDRandRecording.java
E:\SwebTest\src\main\java\com\yeastar\swebtest\tools\retry\utils\ConfigReader.java
E:\SwebTest\src\main\java\com\yeastar\swebtest\pobject\Settings\System\Storage\FileShare\FileShare.java
E:\SwebTest\src\main\java\com\yeastar\swebtest\pobject\Settings\System\DateTime\DateTime.java
E:\SwebTest\src\main\java\com\yeastar\swebtest\pobject\Settings\System\Security\IPAutoDefense\AutoDefenseRules\Add_IP_Auto_Defense_Rule\Add_IP_Auto_Defense_Rule.java
E:\SwebTest\src\main\java\com\yeastar\swebtest\pobject\Settings\PBX\Recording\Recording.java
E:\SwebTest\src\main\java\com\yeastar\swebtest\pobject\Settings\PBX\Trunks\Add_VoIP_Trunk\Add_VoIP_Trunk_Advanced\Add_VoIP_Trunk_Advanced.java
E:\SwebTest\src\main\java\com\yeastar\swebtest\pobject\Settings\PBX\Trunks\Add_VoIP_Trunk\Add_VoIP_Trunk_Basic\Add_VoIP_Trunk_Basic.java
E:\SwebTest\src\main\java\com\yeastar\swebtest\pobject\Settings\PBX\CallFeatures\Conference\Conference.java
E:\SwebTest\src\main\java\com\yeastar\swebtest\pobject\Settings\PBX\Trunks\Trunks.java
E:\SwebTest\src\main\java\com\yeastar\swebtest\pobject\Settings\PBX\Extensions\ExtensionGroup\Add_Extension_Group\Add_Extension_Group.java
E:\SwebTest\src\main\java\com\yeastar\swebtest\pobject\Settings\PBX\CallFeatures\Queue\Add_Queue_CallerExperienceSettings\Add_Queue_CallerExperienceSettings.java
E:\SwebTest\src\main\java\com\yeastar\swebtest\pobject\Settings\System\Network\StaticRoutes\StaticRoutes.java
E:\SwebTest\src\main\java\com\yeastar\swebtest\driver\SwebDriver.java
E:\SwebTest\src\main\java\com\yeastar\swebtest\pobject\Settings\PBX\CallControl\InboundRoutes\Add_Inbound_Route\Add_Inbound_Route.java
E:\SwebTest\src\main\java\com\yeastar\swebtest\tools\pjsip\PjsipDll.java
E:\SwebTest\src\main\java\com\yeastar\swebtest\pobject\Settings\PBX\CallFeatures\Callback\Add_Callback\Add_Callback.java
E:\SwebTest\src\main\java\com\yeastar\swebtest\pobject\Maintenance\Troubleshooting\EthernetCaptureTool\EthernetCaptureTool.java
E:\SwebTest\src\main\java\com\yeastar\swebtest\pobject\Settings\PBX\CallFeatures\SpeedDial\SpeedDial.java
E:\SwebTest\src\main\java\com\yeastar\swebtest\pobject\Settings\PBX\CallControl\Time_Conditions\TimeConditions\Add_Time_Condition\Add_Time_Condition.java
E:\SwebTest\src\main\java\com\yeastar\swebtest\tools\pjsip\UserAccount.java
E:\SwebTest\src\main\java\com\yeastar\swebtest\pobject\Settings\System\Network\ICMPDetection\ICMPDetection.java
E:\SwebTest\src\main\java\com\yeastar\swebtest\pobject\Settings\EventCenter\EventLog\EventLog.java
E:\SwebTest\src\main\java\com\yeastar\swebtest\pobject\Settings\System\UserPermission\Grant_Privilege_Monitor\Grant_Privilege_Monitor.java
E:\SwebTest\src\main\java\com\yeastar\swebtest\pobject\MySettings.java
E:\SwebTest\src\main\java\com\yeastar\swebtest\pobject\Settings\PBX\CallFeatures\Queue\Add_Queue_Basic\Add_Queue_Basic.java
