E:\SwebTest\src\test\java\com\yeastar\swebtest\testcase\CheckToTest.java
E:\SwebTest\src\test\java\com\yeastar\swebtest\testcase\RegressionCase\pbxcore\PagingIntercom.java
E:\SwebTest\src\test\java\com\yeastar\swebtest\testcase\smokecase\VPN\VPNRunTest.java
E:\SwebTest\src\test\java\com\yeastar\swebtest\testcase\smokecase\pbxcase\FileShare_CDR.java
E:\SwebTest\src\test\java\com\yeastar\swebtest\testcase\RegressionCase\pbxcore\BeforeTest.java
E:\SwebTest\src\test\java\com\yeastar\swebtest\testcase\smokecase\pbxcase\Storage.java
E:\SwebTest\src\test\java\com\yeastar\swebtest\testcase\smokecase\syscase\Maintain.java
E:\SwebTest\src\test\java\com\yeastar\swebtest\testcase\smokecase\syscase\Security.java
E:\SwebTest\src\test\java\com\yeastar\swebtest\testcase\RegressionCase\pbxcore\Extension.java
E:\SwebTest\src\test\java\com\yeastar\swebtest\testcase\RegressionCase\pbxcore\SpeedDial.java
E:\SwebTest\src\test\java\com\yeastar\swebtest\testcase\smokecase\pbxcase\CallControl.java
E:\SwebTest\src\test\java\com\yeastar\swebtest\testcase\smokecase\pbxcase\EmergencyNumberTest.java
E:\SwebTest\src\test\java\com\yeastar\swebtest\testcase\smokecase\pbxcase\OutboundRoutes.java
E:\SwebTest\src\test\java\com\yeastar\swebtest\testcase\extendcase\LinkusAvatarTest.java
E:\SwebTest\src\test\java\com\yeastar\swebtest\testcase\RegressionCase\pbxcore\TimeCondition.java
E:\SwebTest\src\test\java\com\yeastar\swebtest\testcase\smokecase\pbxcase\CallFunction.java
E:\SwebTest\src\test\java\com\yeastar\swebtest\testcase\RegressionCase\pbxcore\AutoCLIP.java
E:\SwebTest\src\test\java\com\yeastar\swebtest\testcase\RegressionCase\pbxcore\Outbound.java
E:\SwebTest\src\test\java\com\yeastar\swebtest\testcase\RegressionCase\pbxcore\OutboundRestriction.java
E:\SwebTest\src\test\java\com\yeastar\swebtest\testcase\RegressionCase\pbxcore\Holiday.java
E:\SwebTest\src\test\java\com\yeastar\swebtest\testcase\smokecase\pbxcase\VoicePrompts.java
E:\SwebTest\src\test\java\com\yeastar\swebtest\testcase\extendcase\GridTest.java
E:\SwebTest\src\test\java\com\yeastar\swebtest\testcase\RegressionCase\pbxcore\Inbound.java
E:\SwebTest\src\test\java\com\yeastar\swebtest\testcase\smokecase\pbxcase\NewTrunk.java
E:\SwebTest\src\test\java\com\yeastar\swebtest\testcase\smokecase\syscase\UserPermission.java
E:\SwebTest\src\test\java\com\yeastar\swebtest\testcase\RegressionCase\pbxcore\PickupGroup.java
E:\SwebTest\src\test\java\com\yeastar\swebtest\testcase\smokecase\pbxcase\FeatureCode.java
E:\SwebTest\src\test\java\com\yeastar\swebtest\testcase\RegressionCase\pbxcore\Conference.java
E:\SwebTest\src\test\java\com\yeastar\swebtest\testcase\RegressionCase\pbxcore\CustomPrompts.java
E:\SwebTest\src\test\java\com\yeastar\swebtest\testcase\smokecase\syscase\DateTime.java
E:\SwebTest\src\test\java\com\yeastar\swebtest\testcase\smokecase\syscase\EventCenter.java
E:\SwebTest\src\test\java\com\yeastar\swebtest\testcase\smokecase\VPN\VPNEditTest.java
E:\SwebTest\src\test\java\com\yeastar\swebtest\testcase\RegressionCase\pbxcore\RingGroup.java
E:\SwebTest\src\test\java\com\yeastar\swebtest\testcase\smokecase\syscase\Network.java
E:\SwebTest\src\test\java\com\yeastar\swebtest\testcase\smokecase\pbxcase\Extension.java
E:\SwebTest\src\test\java\com\yeastar\swebtest\testcase\smokecase\pbxcase\CallFeature.java
E:\SwebTest\src\test\java\com\yeastar\swebtest\testcase\smokecase\pbxcase\DeleteAll.java
E:\SwebTest\src\test\java\com\yeastar\swebtest\testcase\smokecase\pbxcase\InboundRoutes.java
